[0;32mI (113) esp_image: segment 1: paddr=0002215c vaddr=3fc91fESP-ROM:esp32s3-20210327
Build:Mar 27 2021
rst:0x15 (USB_UART_CHIP_RESET),boot:0x2a (SPI_FAST_FLASH_BOOT)
Saved PC:0x4201c961
SPIWP:0xee
mode:DIO, clock div:1
load:0x3fce3810,len:0x178c
load:0x403c9700,len:0x4
load:0x403c9704,len:0xcbc
load:0x403cc700,len:0x2da0
entry 0x403c9914
[0;32mI (26) boot: ESP-IDF v5.2.1-dirty 2nd stage bootloader[0m
[0;32mI (27) boot: compile time Apr 16 2024 12:05:40[0m
[0;32mI (27) boot: Multicore bootloader[0m
[0;32mI (30) boot: chip revision: v0.1[0m
[0;32mI (34) boot.esp32s3: Boot SPI Speed : 80MHz[0m
[0;32mI (39) boot.esp32s3: SPI Mode       : DIO[0m
[0;32mI (44) boot.esp32s3: SPI Flash Size : 2MB[0m
[0;32mI (48) boot: Enabling RNG early entropy source...[0m
[0;32mI (54) boot: Partition Table:[0m
[0;32mI (57) boot: ## Label            Usage          Type ST Offset   Length[0m
[0;32mI (65) boot:  0 nvs              WiFi data        01 02 00009000 00006000[0m
[0;32mI (72) boot:  1 phy_init         RF data          01 01 0000f000 00001000[0m
[0;32mI (80) boot:  2 factory          factory app      00 00 00010000 00100000[0m
[0;32mI (87) boot: End of partition table[0m
[0;32mI (91) esp_image: segment 0: paddr=00010020 vaddr=3c040020 size=12134h ( 74036) map[0m
[0;32mI (113) esp_image: segment 1: paddr=0002215c vaddr=3fc91f00 size=02910h ( 10512) load[0m
[0;32mI (116) esp_image: segment 2: paddr=00024a74 vaddr=40374000 size=0b5a4h ( 46500) load[0m
[0;32mI (129) esp_image: segment 3: paddr=00030020 vaddr=42000020 size=300f0h (196848) map[0m
[0;32mI (165) esp_image: segment 4: paddr=00060118 vaddr=4037f5a4 size=028bch ( 10428) load[0m
[0;32mI (173) boot: Loaded app from partition at offset 0x10000[0m
[0;32mI (173) boot: Disabling RNG early entropy source...[0m
[0;32mI (185) cpu_start: Multicore app[0m
[0;32mI (194) cpu_start: Pro cpu start user code[0m
[0;32mI (194) cpu_start: cpu freq: 160000000 Hz[0m
[0;32mI (195) cpu_start: Application information:[0m
[0;32mI (197) cpu_start: Project name:     test_timer[0m
[0;32mI (203) cpu_start: App version:      signalling_works-61-g89cdf97[0m
[0;32mI (209) cpu_start: Compile time:     Apr 16 2024 12:05:35[0m
[0;32mI (216) cpu_start: ELF file SHA256:  e498502b0...[0m
[0;32mI (221) cpu_start: ESP-IDF:          v5.2.1-dirty[0m
[0;32mI (226) cpu_start: Min chip rev:     v0.0[0m
[0;32mI (231) cpu_start: Max chip rev:     v0.99 [0m
[0;32mI (236) cpu_start: Chip rev:         v0.1[0m
[0;32mI (241) heap_init: Initializing. RAM available for dynamic allocation:[0m
[0;32mI (248) heap_init: At 3FC95668 len 000540A8 (336 KiB): RAM[0m
[0;32mI (254) heap_init: At 3FCE9710 len 00005724 (21 KiB): RAM[0m
[0;32mI (260) heap_init: At 3FCF0000 len 00008000 (32 KiB): DRAM[0m
[0;32mI (266) heap_init: At 600FE010 len 00001FD8 (7 KiB): RTCRAM[0m
[0;32mI (273) spi_flash: detected chip: generic[0m
[0;32mI (277) spi_flash: flash io: dio[0m
[0;33mW (281) spi_flash: Detected size(8192k) larger than the size in the binary image header(2048k). Using the size in the binary image header.[0m
[0;32mI (294) sleep: Configure to isolate all GPIO pins in sleep state[0m
[0;32mI (301) sleep: Enable automatic switching of GPIO sleep configuration[0m
[0;32mI (308) main_task: Started on CPU0[0m
[0;32mI (318) main_task: Calling app_main()[0m
Entering the loop
Exited the loop
[0;32mI (4198) main_task: Returned from app_main()[0m
